../src/hw/cli.c:114:6:cliInit	8	static
../src/hw/cli.c:139:6:cliOpen	16	static
../src/hw/cli.c:149:6:cliOpenLog	24	static
../src/hw/cli.c:165:6:cliLogClose	4	static
../src/hw/cli.c:171:6:cliShowLog	24	static
../src/hw/cli.c:191:6:cliShowPrompt	16	static
../src/hw/cli.c:197:6:cliMain	8	static
../src/hw/cli.c:212:6:cliUpdate	56	static
../src/hw/cli.c:424:6:cliLineClean	16	static
../src/hw/cli.c:432:6:cliLineAdd	32	static
../src/hw/cli.c:447:6:cliLineChange	40	static
../src/hw/cli.c:489:6:cliRunCmd	24	static
../src/hw/cli.c:515:6:cliParseArgs	40	static
../src/hw/cli.c:547:6:cliPrintf	24	static
../src/hw/cli.c:561:6:cliToUpper	24	static
../src/hw/cli.c:588:9:cliArgsGetData	24	static
../src/hw/cli.c:604:7:cliArgsGetFloat	24	static
../src/hw/cli.c:620:7:cliArgsGetStr	24	static
../src/hw/cli.c:636:6:cliArgsIsStr	24	static
../src/hw/cli.c:655:6:cliKeepLoop	16	static
../src/hw/cli.c:670:6:cliAdd	32	static
../src/hw/cli.c:693:6:cliShowList	24	static
../src/hw/cli.c:710:6:cliMemoryDump	56	static
