C:/Users/jjins/Documents/Project/Step_Motor/src/common/maths.h:156:19:constrain	24	static
../src/hw/lcd.c:67:6:TransferDoneISR	8	static
../src/hw/lcd.c:80:6:lcdInit	24	static
../src/hw/lcd.c:119:10:lcdGetDrawTime	4	static
../src/hw/lcd.c:124:6:lcdIsInit	4	static
../src/hw/lcd.c:129:6:lcdReset	8	static
../src/hw/lcd.c:134:9:lcdGetBackLight	4	static
../src/hw/lcd.c:139:6:lcdSetBackLight	16	static
../src/hw/lcd.c:158:22:lcdReadPixel	0	static
../src/hw/lcd.c:163:18:lcdDrawPixel	4	static
../src/hw/lcd.c:168:13:WriteMultiple	16	static
../src/hw/lcd.c:182:18:lcdClear	16	static
../src/hw/lcd.c:192:18:lcdClearBuffer	16	static
../src/hw/lcd.c:202:18:lcdDrawFillCircle	48	static
../src/hw/lcd.c:233:18:lcdDrawCircleHelper	56	static
../src/hw/lcd.c:274:18:lcdDrawRoundRect	72	static
../src/hw/lcd.c:289:18:lcdDrawFillCircleHelper	56	static
../src/hw/lcd.c:324:18:lcdDrawFillRoundRect	48	static
../src/hw/lcd.c:334:18:lcdDrawTriangle	40	static
../src/hw/lcd.c:341:18:lcdDrawFillTriangle	80	dynamic
../src/hw/lcd.c:377:10:lcdGetFps	4	static
../src/hw/lcd.c:382:10:lcdGetFpsTime	4	static
../src/hw/lcd.c:387:6:lcdDrawAvailable	4	static
../src/hw/lcd.c:392:6:lcdRequestDraw	16	static
../src/hw/lcd.c:411:6:lcdUpdateDraw	16	static
../src/hw/lcd.c:433:6:lcdSetWindow	24	static
../src/hw/lcd.c:443:11:lcdGetFrameBuffer	4	static
../src/hw/lcd.c:448:11:lcdGetCurrentFrameBuffer	4	static
../src/hw/lcd.c:453:6:lcdDisplayOff	4	static
../src/hw/lcd.c:457:6:lcdDisplayOn	8	static
../src/hw/lcd.c:462:9:lcdGetWidth	4	static
../src/hw/lcd.c:467:9:lcdGetHeight	4	static
../src/hw/lcd.c:473:6:lcdDrawLine	48	static
../src/hw/lcd.c:529:6:lcdDrawLineBuffer	48	static
../src/hw/lcd.c:597:6:lcdDrawVLine	32	static
../src/hw/lcd.c:602:6:lcdDrawHLine	32	static
../src/hw/lcd.c:607:6:lcdDrawFillRect	32	static
../src/hw/lcd.c:615:6:lcdDrawRect	24	static
../src/hw/lcd.c:623:6:lcdDrawImage	24	static
../src/hw/lcd.c:631:6:lcdDrawBufferImage	32	static
../src/hw/lcd.c:649:6:drawBitmap	40	static
../src/hw/lcd.c:663:6:drawPixel	24	static
../src/hw/lcd.c:687:6:lcdDrawFillScreen	24	static
../src/hw/lcd.c:692:6:lcdPrintf	364	static
../src/hw/lcd.c:758:10:lcdGetStrWidth	328	static
../src/hw/lcd.c:789:6:disHanFont	40	static
../src/hw/lcd.c:821:6:disEngFont	40	static
../src/hw/lcd.c:840:6:lcdSetFont	16	static
../src/hw/lcd.c:845:9:lcdGetFont	4	static
../src/hw/lcd.c:851:6:cliLcd	32	static
