../src/hw/spi.c:35:6:spiInit	16	static
../src/hw/spi.c:56:6:spiBegin	24	static
../src/hw/spi.c:95:6:spiIsBegin	16	static
../src/hw/spi.c:100:6:spiSetDataMode	24	static
../src/hw/spi.c:140:10:SPI_Get_Speed	24	static
../src/hw/spi.c:146:6:SPI_Set_Speed_scal	24	static
../src/hw/spi.c:154:6:SPI_Set_Speed_hz	24	static
../src/hw/spi.c:186:6:spiSetBitWidth	24	static
../src/hw/spi.c:201:6:spiTransfer	40	static
../src/hw/spi.c:230:9:spiTransfer8	32	static
../src/hw/spi.c:242:10:spiTransfer16	40	static
../src/hw/spi.c:269:6:spiDmaTxStart	32	static
../src/hw/spi.c:279:6:spiDmaTxTransfer	32	static
../src/hw/spi.c:307:6:spiDmaTxIsDone	24	static
../src/hw/spi.c:316:6:spiAttachTxInterrupt	24	static
../src/hw/spi.c:327:6:spiReadRegBuf	24	static
../src/hw/spi.c:338:6:HAL_SPI_ErrorCallback	24	static
../src/hw/spi.c:349:6:HAL_SPI_TxCpltCallback	24	static
../src/hw/spi.c:367:6:HAL_SPI_RxCpltCallback	24	static
../src/hw/spi.c:384:6:HAL_SPI_TxRxCpltCallback	24	static
../src/hw/spi.c:410:6:HAL_SPI_MspInit	48	static
../src/hw/spi.c:481:6:HAL_SPI_MspDeInit	16	static
../src/hw/spi.c:511:6:cliSPI	24	static
