../src/hw/touch.c:22:20:begin_touch_read_write	8	static
../src/hw/touch.c:34:20:end_touch_read_write	8	static
../src/hw/touch.c:45:6:touch_init	8	static
../src/hw/touch.c:55:6:Init_touch_param	16	static
../src/hw/touch.c:65:10:delta	16	static
../src/hw/touch.c:70:9:getTouchRaw	48	static
../src/hw/touch.c:124:10:getTouchRawZ	16	static
../src/hw/touch.c:150:9:validTouch	40	static
../src/hw/touch.c:194:9:getTouch	40	static
../src/hw/touch.c:226:6:convertRawXY	24	static
../src/hw/touch.c:253:6:calibrateTouch	64	static
../src/hw/touch.c:360:6:setTouch	16	static
../src/hw/touch.c:377:6:cliTouch	24	static
