../src/drivers/lcd/st7796.c:26:13:TransferDoneISR	8	static
../src/drivers/lcd/st7796.c:41:6:st7796Init	16	static
../src/drivers/lcd/st7796.c:50:6:st7796InitDriver	16	static
../src/drivers/lcd/st7796.c:67:6:st7796Reset	16	static
../src/drivers/lcd/st7796.c:87:10:st7796GetWidth	4	static
../src/drivers/lcd/st7796.c:92:10:st7796GetHeight	4	static
../src/drivers/lcd/st7796.c:97:6:writecommand	16	static
../src/drivers/lcd/st7796.c:107:6:writedata	16	static
../src/drivers/lcd/st7796.c:117:6:st7796InitRegs	8	static
../src/drivers/lcd/st7796.c:217:6:st7796SetRotation	16	static
../src/drivers/lcd/st7796.c:297:6:st7796SetWindow	24	static
../src/drivers/lcd/st7796.c:323:6:st7796FillRect	64	dynamic
../src/drivers/lcd/st7796.c:360:6:st7796SendBuffer	24	static
../src/drivers/lcd/st7796.c:373:6:st7796SetCallBack	16	static
